// Jest Snapshot v1, https://goo.gl/fbAQLP

exports[`App has a valid snapshot 1`] = `
<div
  className="App container"
  id="App"
>
  <div
    className="welcome-title"
  >
    <h1>
      Welcome to 
      <a
        href="/"
      >
        Gym Partner
      </a>
    </h1>
  </div>
  <div
    id="Welcome"
  >
    <a
      href="/signup"
    >
      <button
        className="button is-primary"
      >
        Sign up
      </button>
    </a>
    <a
      href="/login"
    >
      <button
        className="button is-link"
      >
        Log in
      </button>
    </a>
  </div>
</div>
`;
