// Jest Snapshot v1, https://goo.gl/fbAQLP

exports[`Button has a valid snapshot 1`] = `
<button
  className="button is-info another-class"
  id="this-button"
  onClick={[Function]}
>
  I'm a button!
</button>
`;
