// Jest Snapshot v1, https://goo.gl/fbAQLP

exports[`Notification has a valid snapshot 1`] = `
<div
  className="notification is-medium another-class is-primary"
  id="this-notification"
  type="primary"
>
  I am a notification!
</div>
`;
