// Jest Snapshot v1, https://goo.gl/fbAQLP

exports[`FormButton has a valid snapshot 1`] = `
<div
  className="field"
>
  <div
    className="control"
  >
    <button
      className="button is-info"
      id="this-button"
    >
      I'm a button!
    </button>
  </div>
</div>
`;
